// Jest Snapshot v1, https://goo.gl/fbAQLP

exports[`Test Navigation Bar matches snapshot 1`] = `
<nav
  className="navbar navbar-expand-lg navbar-light bg-light"
>
  <div
    className="container"
  >
    <span
      className="navbar-brand"
    >
      VisualMST
    </span>
    <button
      aria-controls="basic-navbar-nav"
      aria-label="Toggle navigation"
      className="navbar-toggler collapsed"
      onClick={[Function]}
      type="button"
    >
      <span
        className="navbar-toggler-icon"
      />
    </button>
    <div
      aria-expanded={null}
      className="navbar-collapse collapse"
      id="basic-navbar-nav"
    >
      <div
        className="ml-auto navbar-nav"
        onKeyDown={[Function]}
      >
        <a
          className="active nav-link"
          data-rr-ui-event-key="/"
          disabled={false}
          href="/"
          onClick={[Function]}
          style={Object {}}
        >
          Home
        </a>
        <a
          className="nav-link"
          data-rr-ui-event-key="/about"
          disabled={false}
          href="/about"
          onClick={[Function]}
        >
          About
        </a>
        <a
          className="nav-link"
          data-rr-ui-event-key="/algorithms"
          disabled={false}
          href="/algorithms"
          onClick={[Function]}
        >
          Algorithms
        </a>
        <a
          className="nav-link"
          data-rr-ui-event-key="/contact"
          disabled={false}
          href="/contact"
          onClick={[Function]}
        >
          Contact
        </a>
      </div>
    </div>
  </div>
</nav>
`;
