// Jest Snapshot v1, https://goo.gl/fbAQLP

exports[`Home Page matches snapshot 1`] = `
Array [
  <nav
    className="navbar navbar-expand-lg navbar-light bg-light"
  >
    <div
      className="container"
    >
      <span
        className="navbar-brand"
      >
        VisualMST
      </span>
      <button
        aria-controls="basic-navbar-nav"
        aria-label="Toggle navigation"
        className="navbar-toggler collapsed"
        onClick={[Function]}
        type="button"
      >
        <span
          className="navbar-toggler-icon"
        />
      </button>
      <div
        aria-expanded={null}
        className="navbar-collapse collapse"
        id="basic-navbar-nav"
      >
        <div
          className="ml-auto navbar-nav"
          onKeyDown={[Function]}
        >
          <a
            className="active nav-link"
            data-rr-ui-event-key="/"
            disabled={false}
            href="/"
            onClick={[Function]}
            style={Object {}}
          >
            Home
          </a>
          <a
            className="nav-link"
            data-rr-ui-event-key="/about"
            disabled={false}
            href="/about"
            onClick={[Function]}
          >
            About
          </a>
          <a
            className="nav-link"
            data-rr-ui-event-key="/algorithms"
            disabled={false}
            href="/algorithms"
            onClick={[Function]}
          >
            Algorithms
          </a>
          <a
            className="nav-link"
            data-rr-ui-event-key="/contact"
            disabled={false}
            href="/contact"
            onClick={[Function]}
          >
            Contact
          </a>
        </div>
      </div>
    </div>
  </nav>,
  <div
    className="pt-5 container"
    data-testid="home-container"
  >
    <h1>
      VisualMST
    </h1>
    <h6
      style={
        Object {
          "marginBottom": "30px",
        }
      }
    >
      A web application for visualising minimum spanning tree algorithms.
    </h6>
    <a
      className="btn btn-primary"
      href="/algorithms"
      onClick={[Function]}
    >
      Get Started
    </a>
    <span>
       
    </span>
    <a
      className="btn btn-secondary"
      data-testid="About"
      href="/about"
      onClick={[Function]}
    >
      About
    </a>
    <img
      alt="visualisation_gif"
      className=""
      src="vis.gif"
      style={
        Object {
          "display": "flex",
          "marginLeft": "auto",
          "marginRight": "auto",
          "marginTop": "55px",
          "width": "75%",
        }
      }
    />
  </div>,
]
`;
